// Vitest Snapshot v1

exports[`#update > should update json file 1`] = `
"{
  \\"dazigao\\": \\"typescript\\",
  \\"title\\": \\"[EN]标题\\"
}
"
`;
