// Vitest Snapshot v1, https://vitest.dev/guide/snapshot.html

exports[`#writeToJsonFile > should write JSON file 1`] = `
"{
  \\"AA\\": \\"value AA\\",
  \\"AB\\": {
    \\"AA\\": \\"value AA1\\",
    \\"ABA\\": 12,
    \\"AC\\": \\"value AB1\\"
  },
  \\"AC\\": \\"value AB\\"
}
"
`;
