// Vitest Snapshot v1

exports[`#update > should update JSON file 1`] = `
"{
  \\"dazigao\\": \\"typescript\\",
  \\"title\\": \\"[EN]标题\\"
}
"
`;
