// Vitest Snapshot v1

exports[`#readXlsxFile > should read xlsx file 1`] = `
[
  {
    "data": [
      [
        "第一列",
        "第二列",
      ],
      [
        "sheet1-第一列-数据-1",
        "sheet1-第二列-数据-1",
      ],
      [
        "sheet1-第一列-数据-2",
        "sheet1-第二列-数据-2",
      ],
    ],
    "name": "Sheet1",
  },
  {
    "data": [
      [
        "第一列",
      ],
      [
        "sheet2-第一列-数据-1",
      ],
      [
        "sheet2-第一列-数据-2",
      ],
    ],
    "name": "Sheet2",
  },
]
`;
